Symbols (
  fromList
    [ SymSelector
        { sv_origName = OrigName
                          { origPackage = Nothing
                          , origGName = GName
                                          { gModule = "SimpleTypes"
                                          , gName = "c"
                                          }
                          }
        , sv_fixity = Nothing
        , sv_typeName = OrigName
                          { origPackage = Nothing
                          , origGName = GName
                                          { gModule = "SimpleTypes"
                                          , gName = "A"
                                          }
                          }
        , sv_constructors = [ OrigName
                                { origPackage = Nothing
                                , origGName = GName
                                                { gModule = "SimpleTypes"
                                                , gName = "B"
                                                }
                                }
                            ]
        }
    , SymConstructor
        { sv_origName = OrigName
                          { origPackage = Nothing
                          , origGName = GName
                                          { gModule = "SimpleTypes"
                                          , gName = "B"
                                          }
                          }
        , sv_fixity = Nothing
        , sv_typeName = OrigName
                          { origPackage = Nothing
                          , origGName = GName
                                          { gModule = "SimpleTypes"
                                          , gName = "A"
                                          }
                          }
        }
    , SymConstructor
        { sv_origName = OrigName
                          { origPackage = Nothing
                          , origGName = GName
                                          { gModule = "SimpleTypes"
                                          , gName = "H"
                                          }
                          }
        , sv_fixity = Nothing
        , sv_typeName = OrigName
                          { origPackage = Nothing
                          , origGName = GName
                                          { gModule = "SimpleTypes"
                                          , gName = "G"
                                          }
                          }
        }
    ] ) (
  fromList
    [ SymType
        { st_origName = OrigName
                          { origPackage = Nothing
                          , origGName = GName
                                          { gModule = "SimpleTypes"
                                          , gName = "L"
                                          }
                          }
        , st_fixity = Nothing
        }
    , SymData
        { st_origName = OrigName
                          { origPackage = Nothing
                          , origGName = GName
                                          { gModule = "SimpleTypes"
                                          , gName = "A"
                                          }
                          }
        , st_fixity = Nothing
        }
    , SymNewType
        { st_origName = OrigName
                          { origPackage = Nothing
                          , origGName = GName
                                          { gModule = "SimpleTypes"
                                          , gName = "G"
                                          }
                          }
        , st_fixity = Nothing
        }
    ] )