Table
  (fromList
     [ ( GName { gModule = "" , gName = "Constructor1" }
       , fromList
           [ SymConstructor
               { sv_origName =
                   OrigName
                     { origPackage = Nothing
                     , origGName =
                         GName { gModule = "Prelude" , gName = "Constructor1" }
                     }
               , sv_fixity = Nothing
               , sv_typeName =
                   OrigName
                     { origPackage = Nothing
                     , origGName = GName { gModule = "Prelude" , gName = "DataType" }
                     }
               }
           ]
       )
     , ( GName { gModule = "" , gName = "Constructor2" }
       , fromList
           [ SymConstructor
               { sv_origName =
                   OrigName
                     { origPackage = Nothing
                     , origGName =
                         GName { gModule = "Prelude" , gName = "Constructor2" }
                     }
               , sv_fixity = Nothing
               , sv_typeName =
                   OrigName
                     { origPackage = Nothing
                     , origGName = GName { gModule = "Prelude" , gName = "DataType" }
                     }
               }
           ]
       )
     , ( GName { gModule = "" , gName = "function" }
       , fromList
           [ SymValue
               { sv_origName =
                   OrigName
                     { origPackage = Nothing
                     , origGName = GName { gModule = "Prelude" , gName = "function" }
                     }
               , sv_fixity = Nothing
               }
           ]
       )
     , ( GName { gModule = "Prelude" , gName = "Constructor1" }
       , fromList
           [ SymConstructor
               { sv_origName =
                   OrigName
                     { origPackage = Nothing
                     , origGName =
                         GName { gModule = "Prelude" , gName = "Constructor1" }
                     }
               , sv_fixity = Nothing
               , sv_typeName =
                   OrigName
                     { origPackage = Nothing
                     , origGName = GName { gModule = "Prelude" , gName = "DataType" }
                     }
               }
           ]
       )
     , ( GName { gModule = "Prelude" , gName = "Constructor2" }
       , fromList
           [ SymConstructor
               { sv_origName =
                   OrigName
                     { origPackage = Nothing
                     , origGName =
                         GName { gModule = "Prelude" , gName = "Constructor2" }
                     }
               , sv_fixity = Nothing
               , sv_typeName =
                   OrigName
                     { origPackage = Nothing
                     , origGName = GName { gModule = "Prelude" , gName = "DataType" }
                     }
               }
           ]
       )
     , ( GName { gModule = "Prelude" , gName = "function" }
       , fromList
           [ SymValue
               { sv_origName =
                   OrigName
                     { origPackage = Nothing
                     , origGName = GName { gModule = "Prelude" , gName = "function" }
                     }
               , sv_fixity = Nothing
               }
           ]
       )
     ])
  (fromList
     [ ( GName { gModule = "" , gName = "DataType" }
       , fromList
           [ SymData
               { st_origName =
                   OrigName
                     { origPackage = Nothing
                     , origGName = GName { gModule = "Prelude" , gName = "DataType" }
                     }
               , st_fixity = Nothing
               }
           ]
       )
     , ( GName { gModule = "Prelude" , gName = "DataType" }
       , fromList
           [ SymData
               { st_origName =
                   OrigName
                     { origPackage = Nothing
                     , origGName = GName { gModule = "Prelude" , gName = "DataType" }
                     }
               , st_fixity = Nothing
               }
           ]
       )
     ])