foo      at  5:1 is none
Newtype  at  5:8 is a global newtype, Prelude.Newtype
Newtype  at  5:8 is a global newtype, Prelude.Newtype
foo      at  6:1 is a value bound here
Newtype  at  6:7 is a global constructor, Prelude.Newtype
Newtype  at  6:7 is a global constructor, Prelude.Newtype
foo      at 6:15 is a global value, Global.foo
foo      at 6:15 is a global value, Global.foo
