x        at 7:11 is a local value defined at 4:7
y        at 7:13 is a local value defined at 9:7
z        at 7:15 is a local value defined at 8:7
t        at 7:17 is a local value defined at 7:7
x        at 10:6 is a local value defined at 4:7
y        at 10:8 is a local value defined at 9:7
z        at 10:10 is a local value defined at 8:7
