TypeFamilies at 1:14 is none
Rodor    at 10:6 is a type or class defined here
Rodor    at 10:14 is a value bound here
x        at 12:1 is a value bound here
Foo1     at 12:5 is a global constructor, ExportListWildcards.Foo1
Foo1     at 12:5 is a global constructor, ExportListWildcards.Foo1
Bar      at 14:10 is a global type class, ExportListWildcards.Bar
Bar      at 14:10 is a global type class, ExportListWildcards.Bar
Rodor    at 14:34 is a global data type, QualifiedMethods.Rodor
Rodor    at 14:34 is a global data type, QualifiedMethods.Rodor
x        at 15:5 is a global method, ExportListWildcards.x
Rodor    at 15:7 is a global constructor, QualifiedMethods.Rodor
Rodor    at 15:7 is a global constructor, QualifiedMethods.Rodor
x        at 15:15 is a global value, QualifiedMethods.x
x        at 15:15 is a global value, QualifiedMethods.x
ListLike at 17:10 is a global type class, DataFamilies.ListLike
ListLike at 17:10 is a global type class, DataFamilies.ListLike
Rodor    at 17:32 is a global data type, QualifiedMethods.Rodor
Rodor    at 17:32 is a global data type, QualifiedMethods.Rodor
I        at 18:10 is a global type family, DataFamilies.I
I        at 18:10 is a global type family, DataFamilies.I
Rodor    at 18:12 is a global data type, QualifiedMethods.Rodor
Rodor    at 18:12 is a global data type, QualifiedMethods.Rodor
Rodor    at 18:20 is a global data type, QualifiedMethods.Rodor
Rodor    at 18:20 is a global data type, QualifiedMethods.Rodor
method1  at 19:5 is a global method, DataFamilies.method1
Rodor    at 19:17 is a global constructor, QualifiedMethods.Rodor
Rodor    at 19:17 is a global constructor, QualifiedMethods.Rodor
